✔ all three presets are independent reproducible four-body initial conditions with genuine inertial motion (6.3934ms)
✔ Newtonian forces have the independently calculated magnitude, inverse-square falloff and equal opposite reaction (0.383ms)
✔ four-body acceleration includes every active body and divides force by the receiving mass (0.3665ms)
✔ fixed substeps give the same state for a speed-up batch and equal elapsed smaller frames (5.7285ms)
✔ velocity-Verlet preserves the reference circular binary energy over forty simulated years (22.6168ms)
✔ bounded mode reflects overshoot and velocity on all three radius-adjusted walls; free mode does not (0.7664ms)
✔ swept detection catches a fast planet crossing a star and emits exactly one collision (0.5006ms)
✔ star-star impact pauses free-space physics with a finite last valid state (0.5942ms)
✔ parameter edits reject invalid numbers and ranges atomically and valid mass changes immediately affect gravity (1.524ms)
✔ invalid elapsed time and excess step budget cannot advance or corrupt the last valid body state (0.7208ms)
✔ radiation uses physical inverse-square distance while the rotating surface normal selects visible suns (0.3531ms)
✔ stable era requires five continuous low-variation single-sun years and resets on unstable samples (0.3689ms)
✔ thermal hysteresis needs five continuous danger years and clears only at its exit thresholds (0.2922ms)
✔ three visible suns kill once after two continuous years, death is latched, and only a new numbered civilization clears it (0.5655ms)
✔ the triple preset naturally produces a real two-year three-sun death while every star moves (6.3441ms)
✔ real-time world-space trails fade over eight seconds, do not share live position storage, and remain bounded (1.2332ms)
ℹ tests 16
ℹ suites 0
ℹ pass 16
ℹ fail 0
ℹ cancelled 0
ℹ skipped 0
ℹ todo 0
ℹ duration_ms 110.2204
