✔ all three presets are independent reproducible four-body initial conditions with genuine inertial motion (7.2587ms)
✔ Newtonian forces have the independently calculated magnitude, inverse-square falloff and equal opposite reaction (0.3885ms)
✔ four-body acceleration includes every active body and divides force by the receiving mass (0.296ms)
✔ fixed substeps give the same state for a speed-up batch and equal elapsed smaller frames (6.0652ms)
✔ velocity-Verlet preserves the reference circular binary energy over forty simulated years (21.0976ms)
✔ bounded mode reflects overshoot and velocity on all three radius-adjusted walls; free mode does not (1.016ms)
✔ swept detection catches a fast planet crossing a star and emits exactly one collision (0.7755ms)
✔ star-star impact pauses free-space physics with a finite last valid state (0.5018ms)
✔ parameter edits reject invalid numbers and ranges atomically and valid mass changes immediately affect gravity (0.8594ms)
✔ invalid elapsed time and excess step budget cannot advance or corrupt the last valid body state (0.7334ms)
✔ radiation uses physical inverse-square distance while the rotating surface normal selects visible suns (0.4115ms)
✔ stable era requires five continuous low-variation single-sun years and resets on unstable samples (0.3978ms)
✔ thermal hysteresis needs five continuous danger years and clears only at its exit thresholds (0.3712ms)
✔ three visible suns kill once after two continuous years, death is latched, and only a new numbered civilization clears it (0.4045ms)
✔ the triple preset naturally produces a real two-year three-sun death while every star moves (6.9995ms)
✔ real-time world-space trails fade over eight seconds, do not share live position storage, and remain bounded (0.9478ms)
ℹ tests 16
ℹ suites 0
ℹ pass 16
ℹ fail 0
ℹ cancelled 0
ℹ skipped 0
ℹ todo 0
ℹ duration_ms 110.7681
