
> hexo-site@0.0.0 test
> npm run test:fresh


> hexo-site@0.0.0 test:fresh
> npm run clean && npm run build && npm run test:node


> hexo-site@0.0.0 clean
> hexo clean

INFO  Validating config
INFO  Deleted database.
INFO  Deleted public folder.

> hexo-site@0.0.0 prebuild
> node tools/copy-three.cjs


> hexo-site@0.0.0 build
> hexo generate

INFO  Validating config
INFO  Start processing
INFO  Files loaded in 216 ms
INFO  Generated: 2048/index.html
INFO  Generated: search.json
INFO  Generated: archives/index.html
INFO  Generated: index.html
INFO  Generated: files/2026年01月_政治月测题库.xlsx
INFO  Generated: image_transformer/index.html
INFO  Generated: snake/index.html
INFO  Generated: images/wx公众号.jpg
INFO  Generated: files/backup/1月_new_questions.txt
INFO  Generated: COCKY ZHOU/index.html
INFO  Generated: 中国象棋/index.html
INFO  Generated: 国际象棋/index.html
INFO  Generated: 国际象棋/assets/Black_Bishop.png
INFO  Generated: js/three-body-scene.mjs
INFO  Generated: 关于我/zzyc_V4_for_U/index.html
INFO  Generated: 游戏相关/game-concat/index.html
INFO  Generated: 个人博客/zzyc-questions-Sep-free/index.html
INFO  Generated: tags/政治月测/index.html
INFO  Generated: css/archive-a.css
INFO  Generated: archives/2026/04/index.html
INFO  Generated: archives/2025/11/index.html
INFO  Generated: files/2026年02月_政治月测题库.xlsx
INFO  Generated: files/2026年02月_政治月测题库.txt
INFO  Generated: files/2026年03月_政治月测题库.xlsx
INFO  Generated: files/2026年05月_反诈题库.txt
INFO  Generated: files/2026年03月_政治月测题库.txt
INFO  Generated: files/2026年05月_政治月测题库.txt
INFO  Generated: files/2026年04月_政治月测题库.xlsx
INFO  Generated: files/6月学生政治理论学习月测（自测）_final.txt
INFO  Generated: files/2026年05月_政治月测题库.xlsx
INFO  Generated: files/6月学生政治理论学习月测（自测）new_questions.txt
INFO  Generated: files/6月学生政治理论学习月测（自测）_final.xlsx
INFO  Generated: files/7月学生政治理论学习月测（自测）.xlsx
INFO  Generated: files/2026年05月_反诈题库.xlsx
INFO  Generated: files/6月学生政治理论学习月测（自测）new_questions.xlsx
INFO  Generated: files/8_new_questions.txt
INFO  Generated: files/8_new_questions.xlsx
INFO  Generated: files/backup/1月_new_questions.xlsx
INFO  Generated: files/8月学生政治理论学习月测（自测）.xlsx
INFO  Generated: files/8月学生政治理论学习月测（自测）_阅读版.txt
INFO  Generated: files/backup/202603.xlsx
INFO  Generated: files/backup/1月学生政治理论学习月测（自测）_final.xlsx
INFO  Generated: files/backup/202604new_questions.txt
INFO  Generated: files/backup/202604new_questions.xlsx
INFO  Generated: files/backup/2月学生政治理论学习月测（自测）.txt
INFO  Generated: files/backup/202603new_questions(1).txt
INFO  Generated: files/backup/2月学生政治理论学习月测（自测）.xlsx
INFO  Generated: 国际象棋/assets/Black_Knight.png
INFO  Generated: 国际象棋/assets/Black_King.png
INFO  Generated: 国际象棋/assets/Black_Pawn.png
INFO  Generated: 国际象棋/assets/Black_Queen.png
INFO  Generated: 国际象棋/assets/White_Bishop.png
INFO  Generated: 国际象棋/assets/Black_Rook.png
INFO  Generated: 国际象棋/assets/White_King.png
INFO  Generated: 国际象棋/assets/White_Knight.png
INFO  Generated: 国际象棋/assets/White_Pawn.png
INFO  Generated: 国际象棋/assets/White_Queen.png
INFO  Generated: files/backup/5.txt
INFO  Generated: js/planet-flight.mjs
INFO  Generated: 国际象棋/assets/White_Rook.png
INFO  Generated: js/planet-explorer.mjs
INFO  Generated: files/backup/5.xlsx
INFO  Generated: js/three-body-core.mjs
INFO  Generated: 游戏相关/Image-Transformer/index.html
INFO  Generated: js/three-body.mjs
INFO  Generated: js/planet-world.mjs
INFO  Generated: 个人博客/My-First-Blog/index.html
INFO  Generated: 个人博客/Hello-World/index.html
INFO  Generated: tags/8月/index.html
INFO  Generated: tags/题库分享/index.html
INFO  Generated: css/cursor-comet.css
INFO  Generated: css/planet-explorer.css
INFO  Generated: js/home-latest.js
INFO  Generated: css/main.css
INFO  Generated: css/post.css
INFO  Generated: js/particle-core.js
INFO  Generated: css/space-scene.css
INFO  Generated: js/cursor-comet.js
INFO  Generated: css/three-body.css
INFO  Generated: js/particle-flow.js
INFO  Generated: js/site.js
INFO  Generated: js/home-latest-core.js
INFO  Generated: js/cursor-comet-core.js
INFO  Generated: files/2026年01月_政治月测题库.txt
INFO  Generated: archives/2026/05/index.html
INFO  Generated: files/backup/1月学生政治理论学习月测（自测）_final.txt
INFO  Generated: files/2026年04月_政治月测题库.txt
INFO  Generated: source/_posts/index.html
INFO  Generated: files/7月学生政治理论学习月测（自测）_阅读版.txt
INFO  Generated: archives/2025/index.html
INFO  Generated: vendor/three/LICENSE.txt
INFO  Generated: archives/2026/index.html
INFO  Generated: archives/2026/09/index.html
INFO  Generated: archives/2026/08/index.html
INFO  Generated: vendor/three/three.module.min.js
INFO  Generated: vendor/three/three.core.min.js
INFO  96 files generated in 131 ms
npm notice
npm notice New minor version of npm available! 11.6.1 -> 11.19.1
npm notice Changelog: https://github.com/npm/cli/releases/tag/v11.19.1
npm notice To update run: npm install -g npm@11.19.1
npm notice

> hexo-site@0.0.0 test:node
> node --test test/*.test.cjs

✔ selected A shows two recent entries and keeps every authored catalogue destination (24.4501ms)
✔ archive A groups all original entries into real years (16.3667ms)
✔ game index layout preserves the four original destinations (16.4407ms)
✔ homepage does not load the legacy planet renderer (1.9522ms)
✔ asteroids orbit deterministically and share disposable assets (248.2699ms)
✔ shortcut invocation derives the repository from the script location (3160.7674ms)
✔ Bobo updater generates the catalogue, commits pending work, and pushes master (2532.7739ms)
✔ Bobo updater discovers current folders, nested posts, root posts, renames, and deletions (3184.7565ms)
✔ a successful no-change run keeps one commit and exits after the default one-second delay (3937.9527ms)
✔ a non-master branch is rejected without changing the remote (1521.31ms)
✔ an interactive failure keeps the window process alive until Enter is supplied (1563.4461ms)
✔ the updater source contains no destructive or account-changing Git operations (0.4791ms)
✔ Linux browser policy resolves standard GitHub runner Chrome paths without Windows sizing compensation (1.3945ms)
✔ fine-pointer browser fixture overrides only input capabilities and retains native listener APIs (2.4982ms)
✔ the rendered file center uses the deep-space data-bay shell (159.1404ms)
✔ files support filtering and direct opening without an in-page preview (88.4142ms)
✔ the particle field exposes a static reduced-motion state and accessible controls (80.8731ms)
✔ the real page stays usable at desktop and mobile widths in Chromium (2320.4989ms)
✔ Chromium renders one static particle frame for reduced motion (1000.3385ms)
✔ both pooled comet phases retain their trail for 520ms (1.2751ms)
✔ an eligible inner page mounts and draws without a home scene (9.9016ms)
✔ fine hover pointer coalesces movement and cycles the fixed eight-node pool (1.7767ms)
✔ one-pixel mouse moves accumulate from the accepted anchor until one segment reaches four pixels (1.9957ms)
✔ hybrid fine-pointer media never lets touch or pen movement create comet state (3.908ms)
✔ non-mouse window exits preserve an existing mouse comet while mouse exit clears it (4.7819ms)
✔ blocked pointer policies start disabled without attaching pointer movement (4.75ms)
✔ eligible pointer listener is passive and twenty rapid moves queue only one frame (1.1385ms)
✔ mount is idempotent and snapshots are frozen records (1.9854ms)
✔ animation end returns a faded pooled segment to inactive (1.3874ms)
✔ pause, fallback, hidden, window leave, and blur clear every pooled segment (6.5064ms)
✔ policy re-enable restores one listener and seeds a fresh point (1.2635ms)
✔ destroy cancels work and removes every owned observer and listener (1.5805ms)
✔ segment ignores jitter, caps length, and keeps the current point as its head (1.788ms)
✔ speed maps monotonically to one through two-point-five pixels (0.2007ms)
✔ pool index cycles over exactly eight reusable slots (0.1847ms)
✔ negative diagonal writes a tail behind the current point and preserves output identity (0.2036ms)
✔ segment rejects nonfinite points and missing output without mutating output (0.9527ms)
✔ invalid pool sizes return zero (0.1317ms)
✔ browser script exposes the same frozen API as CommonJS (1.0849ms)
✔ hot geometry functions do not access DOM or allocate storage (0.5081ms)
✔ GitHub Actions reporter emits escaped annotations for failed tests only (3.9417ms)
✔ GitHub Actions reporter still emits useful annotations without a source location (0.8551ms)
✔ Node test runner preserves spec output and adds one annotation for a failure (215.3971ms)
✔ the new-post window includes its exact zero and 72-hour boundaries (0.775ms)
✔ posts older than 72 hours are ordinary and future posts are not new (0.1346ms)
✔ publication state accepts ISO strings and rejects invalid dates and clocks (0.1328ms)
✔ the public API and its 72-hour constant are immutable (0.1803ms)
✔ home runtime marks current posts and moves them before ordinary and future cards (2.6261ms)
✔ Pages workflow builds, tests, and deploys public with job-scoped permissions (12.7154ms)
✔ seeded particle creation is deterministic and respects layer ratios (8.9488ms)
✔ layer cutoffs assign exact boundary rolls to the intended layer (0.4243ms)
✔ cubicBezier includes all four control-point terms (0.2518ms)
✔ delta-time phase advance is frame-rate independent (0.3595ms)
✔ all orbit bands move from lower-left toward the Saturn region (1.8622ms)
✔ pointer displacement is clamped to eight pixels (0.2067ms)
✔ particle positioning reuses a caller-provided output point (0.2931ms)
✔ edge fade prevents respawn flashes (0.2829ms)
✔ quality changes only after a complete 120-frame window and keeps hysteresis (2.6615ms)
✔ browser script exposes the same pure API without CommonJS (1.2732ms)
✖ the generated home owns scene canvases while every themed page owns one cursor trail (4.7526ms)
✔ mount defers initialization and exposes a frozen read-only metrics snapshot (9.7766ms)
✔ motion control pauses and resumes both the renderer state and its visible label (4.1167ms)
✔ app initialization reuses one renderer and one listener per global event type (1.6955ms)
✔ destroyed lifecycle handles cannot mutate a newly mounted scene (10.2475ms)
▶ mount falls back without Canvas, the particle core, or animation frames
  ✔ 2d context (2.9716ms)
  ✔ particle core (1.4292ms)
  ✔ animation frame (1.3636ms)
✔ mount falls back without Canvas, the particle core, or animation frames (6.8991ms)
✔ visibility pauses animation and resumes with a reset timestamp (15.0808ms)
✔ reduced motion draws a fixed particle field without starting animation (4.1136ms)
✔ live reduced-motion changes switch immediately and preserve requested and visible running state (8.8503ms)
✔ a paused resize repaints one static frame without restarting animation (7.3631ms)
✔ paused reduced-motion restoration repaints one static frame without restarting animation (7.3166ms)
▶ DPR is capped, coarse pointers use the mobile cap, and resize work is coalesced
  ✔ desktop cap and coalesced resize (6.9011ms)
  ✔ mobile cap and disabled pointer input (4.2965ms)
  ✔ narrow viewport disables pointer input and cuts the high-quality budget in half (8.5771ms)
✔ DPR is capped, coarse pointers use the mobile cap, and resize work is coalesced (20.5178ms)
✔ desktop to mobile resize applies mobile rendering and zeroes pointer displacement (11.7869ms)
✔ mobile to desktop resize restores desktop rendering and pointer displacement (7.6504ms)
✔ repeated breakpoint crossings keep one pointer listener and destroy removes it (8.9375ms)
✔ breakpoint resize preserves the current quality level and switches its policy budget (86.5912ms)
✔ raw RAF time drives metrics and quality while motion is clamped to 50ms (3.7113ms)
✔ long-frame metrics count only frames slower than 24ms (4.548ms)
✔ every desktop quality level keeps an approximately 84/13/3 layer quota (136.4507ms)
✔ quality-budget removals fade out while inactive phases keep advancing through wrap (100.1283ms)
✔ restored quality particles fade in over multiple frames while metrics expose the target quota (156.292ms)
✔ mobile-to-desktop additions fade in instead of appearing at full alpha (9.737ms)
✔ every supported particle prefix keeps deterministic two-to-four glint groups with readable screen geometry (310.2406ms)
✔ quality removals keep fading streak trails instead of cutting them off (85.8806ms)
✔ mobile-to-desktop streak trails share the added particles fade-in alpha (36.344ms)
✔ streak trails have deterministic quiet intervals and sparse burst frames (355.3193ms)
✔ the hot loop reuses sprites and destroy removes every owned listener and callback (11.8037ms)
✔ pointer events use cached bounds and the hot loop reuses two position outputs (66.7978ms)
✔ scroll and resize coalesce one bounds refresh and keep a stationary pointer canvas-relative (18.791ms)
✔ requestIdleCallback falls back to a deferred timer (2.4164ms)
▶ destroy cancels initialization and coalesced resize work before it runs
  ✔ pending idle callback (0.8287ms)
  ✔ pending timer fallback (0.7519ms)
  ✔ pending resize frame (1.7329ms)
  ✔ pending scroll bounds frame (2.0264ms)
✔ destroy cancels initialization and coalesced resize work before it runs (5.674ms)
✔ orbit bounds keep the camera outside the core and inside the interior dome (6.2114ms)
✔ approach flies from the same exterior view through the radius 1.5 sphere (2.6567ms)
✔ one timeline fully covers the scene seam and settles the interior before enabling it (0.8191ms)
✔ opening transform preserves the planet center and projected scale across a host resize (0.5548ms)
✔ return is fully covered while the interior changes back to the exterior (0.4173ms)
✔ expansion hands off to forward motion without a pronounced speed valley (7.359ms)
✔ entry retains the actual homepage camera and releases its parallax without a jump (1.7005ms)
✔ extracts only a Tab-indented first paragraph after front matter (2.5514ms)
✔ accepts four-space indentation and keeps readable inline link text (0.2998ms)
✔ ignores invisible source markers before the paragraph indentation (0.1649ms)
✔ joins wrapped lines in the same first paragraph until a blank line (0.1777ms)
✔ rejects a first unindented text block instead of searching later content (0.1453ms)
✔ rejects a first heading block instead of searching later content (0.1542ms)
✔ rejects a first quote block instead of searching later content (0.12ms)
✔ rejects a first list block instead of searching later content (0.1163ms)
✔ rejects a first image block instead of searching later content (0.1352ms)
✔ rejects a first fenced code block instead of searching later content (0.1938ms)
✔ rejects a first html block instead of searching later content (0.0948ms)
✔ rejects an indented structural block instead of treating it as prose (0.2752ms)
✔ returns an empty lead for missing or non-string source (0.0931ms)
✔ particle renderer and Canvas visual contract stay unchanged (4.8541ms)
✔ generated navigation exposes a skip target and a controlled collapsed menu (2.1914ms)
✔ generated home brand names the approved station and links home (1.5394ms)
✖ generated home exposes a keyboard-native control for the continuous background motion (1.9051ms)
✔ the interactive planet is named, keyboard reachable, and outside decorative hidden ancestors (9.6916ms)
✔ generated dates use the configured Chinese locale instead of a fixed numeric pattern (1.2816ms)
✔ generated long-form article headings and TOC form one complete navigation graph (21.9279ms)
✔ generated article TOC is a native disclosure before the article body (2.7476ms)
✔ generated long-form article images use lazy decoding defaults (0.9932ms)
✔ generated article images use configured intrinsic dimensions when available (18.9619ms)
✔ article normalization transfers only direct Hexo wrapper IDs (2.1955ms)
✔ the authored 2048 fragment receives one meaningful themed page heading (0.7712ms)
✔ generated site script keeps menu visibility and aria-expanded in sync (0.9941ms)
✔ built theme exposes accessible interaction and compositor-friendly rendering in Chrome (1065.8756ms)
✔ article entry links meet touch target size without changing card, category, or archive layout (0.2166ms)
✔ skip link stays hidden for pointer-like focus and reveals for keyboard-like focus in Chrome (0.0835ms)
✔ main landmark retains its visible keyboard focus replacement in Chrome (0.0953ms)
✔ generated TOC anchors navigate to their unique heading in Chrome (1157.5054ms)
✔ article TOC is collapsed before the article at 320px and stays a visible sticky sidebar on desktop (1940.104ms)
✔ root catalogue renders as the designed home without changing its URL (2.4105ms)
✔ normal posts render an article shell and heading-derived contents (31.2975ms)
✔ archive route and primary navigation render their semantic surfaces (1.6268ms)
✔ every internal primary navigation link resolves to generated output (1.6632ms)
✔ complete standalone HTML documents are copied byte-for-byte with one document root (25.8242ms)
✔ COCKY ZHOU generated inline scripts remain syntactically valid (8.8317ms)
✔ existing fragment pages and standalone applications keep their generated routes (8.1498ms)
✔ fluid-particle is selected and declares its home-menu contract (7.7035ms)
✔ every optional offline image cache entry has a valid URL and positive dimensions (0.7092ms)
✔ article entry links declare a 44px block-size touch target without broadening category selectors (0.6218ms)
✔ fluid-particle provides every renderer entry point and stylesheet (0.8459ms)
✔ the existing root catalogue route remains unchanged (1.0604ms)
✔ article heading and image normalization leaves raw-text containers byte-for-byte intact (20.9235ms)
✔ article images receive cached intrinsic dimensions only from their true source (4.9314ms)
✔ glyph-only heading permalinks expose the heading name to assistive technology (1.336ms)
✔ raw-text protection remains active while the article outline is derived (0.8975ms)
✔ article outline keeps inline code text without exposing headings from raw blocks (1.4893ms)
✔ glyph permalinks decode heading entities once and expose distinct browser-readable names (1.1274ms)
✔ authored heading ids cannot inject attributes and still match every generated anchor (1.7806ms)
✔ quoted greater-than signs in headings and permalinks stay attribute data in a real HTML parser (7.3024ms)
✔ direct heading wrapper ids cross quoted data and malformed openings remain untouched (2.4268ms)
✔ normalizers ignore heading and image strings inside outer quoted attributes (1.5181ms)
✔ post cards render real category links when the post has categories (1.3359ms)
✔ post cards render the complete marked lead and leave visual truncation to CSS (0.6762ms)
✔ the homepage empty state includes a usable return-home link (1.0466ms)
✔ home excludes the catalogue post while passing every other folder post to cards (0.7158ms)
✔ post cards expose publication data and an initially hidden NEW ribbon (0.4108ms)
✔ approved home copy, navigation, footer, title layout, and ribbon styling are declared (0.5432ms)
✔ all three presets are independent reproducible four-body initial conditions with genuine inertial motion (11.3758ms)
✔ Newtonian forces have the independently calculated magnitude, inverse-square falloff and equal opposite reaction (0.6105ms)
✔ four-body acceleration includes every active body and divides force by the receiving mass (0.4386ms)
✔ fixed substeps give the same state for a speed-up batch and equal elapsed smaller frames (8.3608ms)
✔ velocity-Verlet preserves the reference circular binary energy over forty simulated years (39.5238ms)
✔ bounded mode reflects overshoot and velocity on all three radius-adjusted walls; free mode does not (0.8067ms)
✔ swept detection catches a fast planet crossing a star and emits exactly one collision (0.9333ms)
✔ star-star impact pauses free-space physics with a finite last valid state (0.5645ms)
✔ parameter edits reject invalid numbers and ranges atomically and valid mass changes immediately affect gravity (1.1771ms)
✔ invalid elapsed time and excess step budget cannot advance or corrupt the last valid body state (0.83ms)
✔ radiation uses physical inverse-square distance while the rotating surface normal selects visible suns (0.9509ms)
✔ stable era requires five continuous low-variation single-sun years and resets on unstable samples (0.6593ms)
✔ thermal hysteresis needs five continuous danger years and clears only at its exit thresholds (0.4225ms)
✔ three visible suns kill once after two continuous years, death is latched, and only a new numbered civilization clears it (0.461ms)
✔ the triple preset naturally produces a real two-year three-sun death while every star moves (12.0024ms)
✔ real-time world-space trails fade over eight seconds, do not share live position storage, and remain bounded (1.1489ms)
ℹ tests 183
ℹ suites 0
ℹ pass 181
ℹ fail 2
ℹ cancelled 0
ℹ skipped 0
ℹ todo 0
ℹ duration_ms 15987.0758

✖ failing tests:

test at test\particle-renderer-contract.test.cjs:471:1
✖ the generated home owns scene canvases while every themed page owns one cursor trail (4.7526ms)
  AssertionError [ERR_ASSERTION]: Expected values to be strictly equal:
  
  3 !== 2
  
      at TestContext.<anonymous> (C:\Users\Lenovo\Desktop\Quarkbobo\test\particle-renderer-contract.test.cjs:481:10)
      at Test.runInAsyncScope (node:async_hooks:214:14)
      at Test.run (node:internal/test_runner/test:1106:25)
      at Test.start (node:internal/test_runner/test:1003:17)
      at startSubtestAfterBootstrap (node:internal/test_runner/harness:358:17) {
    generatedMessage: true,
    code: 'ERR_ASSERTION',
    actual: 3,
    expected: 2,
    operator: 'strictEqual',
    diff: 'simple'
  }

test at test\theme-accessibility-contract.test.cjs:154:1
✖ generated home exposes a keyboard-native control for the continuous background motion (1.9051ms)
  AssertionError [ERR_ASSERTION]: Expected values to be strictly equal:
  
  3 !== 2
  
      at TestContext.<anonymous> (C:\Users\Lenovo\Desktop\Quarkbobo\test\theme-accessibility-contract.test.cjs:165:10)
      at Test.runInAsyncScope (node:async_hooks:214:14)
      at Test.run (node:internal/test_runner/test:1106:25)
      at Test.processPendingSubtests (node:internal/test_runner/test:788:18)
      at Test.postRun (node:internal/test_runner/test:1235:19)
      at Test.run (node:internal/test_runner/test:1163:12)
      at async Test.processPendingSubtests (node:internal/test_runner/test:788:7) {
    generatedMessage: true,
    code: 'ERR_ASSERTION',
    actual: 3,
    expected: 2,
    operator: 'strictEqual',
    diff: 'simple'
  }
npm notice
npm notice New minor version of npm available! 11.6.1 -> 11.19.1
npm notice Changelog: https://github.com/npm/cli/releases/tag/v11.19.1
npm notice To update run: npm install -g npm@11.19.1
npm notice
npm notice
npm notice New minor version of npm available! 11.6.1 -> 11.19.1
npm notice Changelog: https://github.com/npm/cli/releases/tag/v11.19.1
npm notice To update run: npm install -g npm@11.19.1
npm notice
npm notice
npm notice New minor version of npm available! 11.6.1 -> 11.19.1
npm notice Changelog: https://github.com/npm/cli/releases/tag/v11.19.1
npm notice To update run: npm install -g npm@11.19.1
npm notice
