
> hexo-site@0.0.0 test
> npm run test:fresh


> hexo-site@0.0.0 test:fresh
> npm run clean && npm run build && npm run test:node


> hexo-site@0.0.0 clean
> hexo clean

INFO  Validating config
INFO  Deleted database.
INFO  Deleted public folder.
npm notice
npm notice New minor version of npm available! 11.6.1 -> 11.19.1
npm notice Changelog: https://github.com/npm/cli/releases/tag/v11.19.1
npm notice To update run: npm install -g npm@11.19.1
npm notice

> hexo-site@0.0.0 prebuild
> node tools/copy-three.cjs


> hexo-site@0.0.0 build
> hexo generate

INFO  Validating config
INFO  Start processing
INFO  Files loaded in 190 ms
INFO  Generated: search.json
INFO  Generated: archives/index.html
INFO  Generated: 2048/index.html
INFO  Generated: index.html
INFO  Generated: files/2026年02月_政治月测题库.txt
INFO  Generated: image_transformer/index.html
INFO  Generated: images/wx公众号.jpg
INFO  Generated: COCKY ZHOU/index.html
INFO  Generated: snake/index.html
INFO  Generated: files/backup/1月_new_questions.xlsx
INFO  Generated: 中国象棋/index.html
INFO  Generated: 国际象棋/index.html
INFO  Generated: 国际象棋/assets/Black_Bishop.png
INFO  Generated: 个人博客/zzyc-questions-Sep-free/index.html
INFO  Generated: js/planet-world.mjs
INFO  Generated: 游戏相关/Image-Transformer/index.html
INFO  Generated: 关于我/zzyc_V4_for_U/index.html
INFO  Generated: source/_posts/index.html
INFO  Generated: tags/政治月测/index.html
INFO  Generated: files/2026年03月_政治月测题库.txt
INFO  Generated: archives/2025/11/index.html
INFO  Generated: files/2026年03月_政治月测题库.xlsx
INFO  Generated: files/2026年02月_政治月测题库.xlsx
INFO  Generated: files/2026年01月_政治月测题库.xlsx
INFO  Generated: files/2026年04月_政治月测题库.xlsx
INFO  Generated: files/2026年05月_反诈题库.xlsx
INFO  Generated: files/2026年05月_政治月测题库.txt
INFO  Generated: archives/2026/05/index.html
INFO  Generated: files/2026年05月_反诈题库.txt
INFO  Generated: files/6月学生政治理论学习月测（自测）_final.txt
INFO  Generated: files/8_new_questions.txt
INFO  Generated: files/2026年05月_政治月测题库.xlsx
INFO  Generated: files/7月学生政治理论学习月测（自测）.xlsx
INFO  Generated: files/6月学生政治理论学习月测（自测）_final.xlsx
INFO  Generated: files/8_new_questions.xlsx
INFO  Generated: css/archive-a.css
INFO  Generated: files/6月学生政治理论学习月测（自测）new_questions.xlsx
INFO  Generated: files/8月学生政治理论学习月测（自测）_阅读版.txt
INFO  Generated: files/6月学生政治理论学习月测（自测）new_questions.txt
INFO  Generated: files/backup/1月_new_questions.txt
INFO  Generated: files/backup/202603.xlsx
INFO  Generated: files/8月学生政治理论学习月测（自测）.xlsx
INFO  Generated: files/backup/202604new_questions.xlsx
INFO  Generated: files/backup/202603new_questions(1).txt
INFO  Generated: files/backup/202604new_questions.txt
INFO  Generated: files/backup/1月学生政治理论学习月测（自测）_final.xlsx
INFO  Generated: 国际象棋/assets/Black_Pawn.png
INFO  Generated: files/backup/2月学生政治理论学习月测（自测）.xlsx
INFO  Generated: files/backup/5.xlsx
INFO  Generated: 国际象棋/assets/Black_King.png
INFO  Generated: files/backup/2月学生政治理论学习月测（自测）.txt
INFO  Generated: 国际象棋/assets/Black_Queen.png
INFO  Generated: 国际象棋/assets/Black_Knight.png
INFO  Generated: 国际象棋/assets/Black_Rook.png
INFO  Generated: 国际象棋/assets/White_King.png
INFO  Generated: 国际象棋/assets/White_Bishop.png
INFO  Generated: 国际象棋/assets/White_Knight.png
INFO  Generated: 国际象棋/assets/White_Queen.png
INFO  Generated: 国际象棋/assets/White_Pawn.png
INFO  Generated: js/planet-explorer.mjs
INFO  Generated: files/backup/5.txt
INFO  Generated: 国际象棋/assets/White_Rook.png
INFO  Generated: js/planet-flight.mjs
INFO  Generated: js/three-body-events.mjs
INFO  Generated: js/three-body-core.mjs
INFO  Generated: js/three-body.mjs
INFO  Generated: js/three-body-scene.mjs
INFO  Generated: js/three-body-overlays.mjs
INFO  Generated: 个人博客/Hello-World/index.html
INFO  Generated: 游戏相关/game-concat/index.html
INFO  Generated: tags/8月/index.html
INFO  Generated: css/planet-explorer.css
INFO  Generated: archives/2026/08/index.html
INFO  Generated: tags/题库分享/index.html
INFO  Generated: 个人博客/My-First-Blog/index.html
INFO  Generated: css/main.css
INFO  Generated: js/cursor-comet-core.js
INFO  Generated: css/three-body.css
INFO  Generated: css/cursor-comet.css
INFO  Generated: js/cursor-comet.js
INFO  Generated: css/post.css
INFO  Generated: css/space-scene.css
INFO  Generated: js/site.js
INFO  Generated: js/home-latest.js
INFO  Generated: js/home-latest-core.js
INFO  Generated: js/particle-flow.js
INFO  Generated: js/particle-core.js
INFO  Generated: files/backup/1月学生政治理论学习月测（自测）_final.txt
INFO  Generated: files/2026年01月_政治月测题库.txt
INFO  Generated: files/2026年04月_政治月测题库.txt
INFO  Generated: files/7月学生政治理论学习月测（自测）_阅读版.txt
INFO  Generated: archives/2026/09/index.html
INFO  Generated: archives/2026/04/index.html
INFO  Generated: vendor/three/LICENSE.txt
INFO  Generated: archives/2026/index.html
INFO  Generated: archives/2025/index.html
INFO  Generated: vendor/three/three.module.min.js
INFO  Generated: vendor/three/three.core.min.js
INFO  98 files generated in 72 ms
npm notice
npm notice New minor version of npm available! 11.6.1 -> 11.19.1
npm notice Changelog: https://github.com/npm/cli/releases/tag/v11.19.1
npm notice To update run: npm install -g npm@11.19.1
npm notice

> hexo-site@0.0.0 test:node
> node --test test/*.test.cjs

✔ selected A shows two recent entries and keeps every authored catalogue destination (13.0159ms)
✔ archive A groups all original entries into real years (2.6483ms)
✔ game index layout preserves the four original destinations (2.6879ms)
✔ homepage does not load the legacy planet renderer (2.1875ms)
✔ asteroids orbit deterministically and share disposable assets (162.0358ms)
✔ shortcut invocation derives the repository from the script location (2636.2294ms)
✔ Bobo updater generates the catalogue, commits pending work, and pushes master (2593.9172ms)
✔ Bobo updater discovers current folders, nested posts, root posts, renames, and deletions (2948.6408ms)
✔ a successful no-change run keeps one commit and exits after the default one-second delay (3836.7954ms)
✔ a non-master branch is rejected without changing the remote (1493.8609ms)
✔ an interactive failure keeps the window process alive until Enter is supplied (1534.527ms)
✔ the updater source contains no destructive or account-changing Git operations (0.4203ms)
✔ Linux browser policy resolves standard GitHub runner Chrome paths without Windows sizing compensation (0.7724ms)
✔ fine-pointer browser fixture overrides only input capabilities and retains native listener APIs (1.5011ms)
✔ the rendered file center uses the deep-space data-bay shell (141.6093ms)
✔ files support filtering and direct opening without an in-page preview (90.5956ms)
✔ the particle field exposes a static reduced-motion state and accessible controls (78.5759ms)
✔ the real page stays usable at desktop and mobile widths in Chromium (2065.1803ms)
✔ Chromium renders one static particle frame for reduced motion (1083.9497ms)
✔ both pooled comet phases retain their trail for 520ms (0.784ms)
✔ an eligible inner page mounts and draws without a home scene (2.1055ms)
✔ fine hover pointer coalesces movement and cycles the fixed eight-node pool (1.1165ms)
✔ one-pixel mouse moves accumulate from the accepted anchor until one segment reaches four pixels (0.8878ms)
✔ hybrid fine-pointer media never lets touch or pen movement create comet state (1.8451ms)
✔ non-mouse window exits preserve an existing mouse comet while mouse exit clears it (4.4796ms)
✔ blocked pointer policies start disabled without attaching pointer movement (4.1846ms)
✔ eligible pointer listener is passive and twenty rapid moves queue only one frame (0.838ms)
✔ mount is idempotent and snapshots are frozen records (1.2911ms)
✔ animation end returns a faded pooled segment to inactive (1.0209ms)
✔ pause, fallback, hidden, window leave, and blur clear every pooled segment (4.7196ms)
✔ policy re-enable restores one listener and seeds a fresh point (1.2498ms)
✔ destroy cancels work and removes every owned observer and listener (1.3111ms)
✔ segment ignores jitter, caps length, and keeps the current point as its head (1.3955ms)
✔ speed maps monotonically to one through two-point-five pixels (0.1755ms)
✔ pool index cycles over exactly eight reusable slots (0.1346ms)
✔ negative diagonal writes a tail behind the current point and preserves output identity (0.1255ms)
✔ segment rejects nonfinite points and missing output without mutating output (1.2423ms)
✔ invalid pool sizes return zero (0.1157ms)
✔ browser script exposes the same frozen API as CommonJS (1.1868ms)
✔ hot geometry functions do not access DOM or allocate storage (0.4427ms)
✔ GitHub Actions reporter emits escaped annotations for failed tests only (1.7441ms)
✔ GitHub Actions reporter still emits useful annotations without a source location (0.2139ms)
✔ Node test runner preserves spec output and adds one annotation for a failure (155.1009ms)
✔ the new-post window includes its exact zero and 72-hour boundaries (0.6893ms)
✔ posts older than 72 hours are ordinary and future posts are not new (0.1317ms)
✔ publication state accepts ISO strings and rejects invalid dates and clocks (0.1297ms)
✔ the public API and its 72-hour constant are immutable (0.147ms)
✔ home runtime marks current posts and moves them before ordinary and future cards (2.1289ms)
✔ Pages workflow builds, tests, and deploys public with job-scoped permissions (5.6443ms)
✔ seeded particle creation is deterministic and respects layer ratios (7.6075ms)
✔ layer cutoffs assign exact boundary rolls to the intended layer (0.1562ms)
✔ cubicBezier includes all four control-point terms (0.0912ms)
✔ delta-time phase advance is frame-rate independent (0.1249ms)
✔ all orbit bands move from lower-left toward the Saturn region (2.1762ms)
✔ pointer displacement is clamped to eight pixels (0.174ms)
✔ particle positioning reuses a caller-provided output point (0.2349ms)
✔ edge fade prevents respawn flashes (0.1533ms)
✔ quality changes only after a complete 120-frame window and keeps hysteresis (1.5026ms)
✔ browser script exposes the same pure API without CommonJS (1.0716ms)
✔ the generated home owns scene canvases while every themed page owns one cursor trail (3.8035ms)
✔ mount defers initialization and exposes a frozen read-only metrics snapshot (5.3676ms)
✔ motion control pauses and resumes both the renderer state and its visible label (3.2641ms)
✔ app initialization reuses one renderer and one listener per global event type (1.8471ms)
✔ destroyed lifecycle handles cannot mutate a newly mounted scene (6.0431ms)
▶ mount falls back without Canvas, the particle core, or animation frames
  ✔ 2d context (1.248ms)
  ✔ particle core (0.9335ms)
  ✔ animation frame (0.9704ms)
✔ mount falls back without Canvas, the particle core, or animation frames (3.6841ms)
✔ visibility pauses animation and resumes with a reset timestamp (11.3057ms)
✔ reduced motion draws a fixed particle field without starting animation (3.5838ms)
✔ live reduced-motion changes switch immediately and preserve requested and visible running state (6.1397ms)
✔ a paused resize repaints one static frame without restarting animation (6.4323ms)
✔ paused reduced-motion restoration repaints one static frame without restarting animation (5.8071ms)
▶ DPR is capped, coarse pointers use the mobile cap, and resize work is coalesced
  ✔ desktop cap and coalesced resize (4.6719ms)
  ✔ mobile cap and disabled pointer input (3.4543ms)
  ✔ narrow viewport disables pointer input and cuts the high-quality budget in half (5.4115ms)
✔ DPR is capped, coarse pointers use the mobile cap, and resize work is coalesced (14.0625ms)
✔ desktop to mobile resize applies mobile rendering and zeroes pointer displacement (5.7624ms)
✔ mobile to desktop resize restores desktop rendering and pointer displacement (5.8117ms)
✔ repeated breakpoint crossings keep one pointer listener and destroy removes it (5.7795ms)
✔ breakpoint resize preserves the current quality level and switches its policy budget (74.4614ms)
✔ raw RAF time drives metrics and quality while motion is clamped to 50ms (4.653ms)
✔ long-frame metrics count only frames slower than 24ms (4.0124ms)
✔ every desktop quality level keeps an approximately 84/13/3 layer quota (117.3527ms)
✔ quality-budget removals fade out while inactive phases keep advancing through wrap (72.9873ms)
✔ restored quality particles fade in over multiple frames while metrics expose the target quota (110.4603ms)
✔ mobile-to-desktop additions fade in instead of appearing at full alpha (9.2368ms)
✔ every supported particle prefix keeps deterministic two-to-four glint groups with readable screen geometry (285.8747ms)
✔ quality removals keep fading streak trails instead of cutting them off (76.3037ms)
✔ mobile-to-desktop streak trails share the added particles fade-in alpha (32.2898ms)
✔ streak trails have deterministic quiet intervals and sparse burst frames (229.2651ms)
✔ the hot loop reuses sprites and destroy removes every owned listener and callback (7.0095ms)
✔ pointer events use cached bounds and the hot loop reuses two position outputs (61.9299ms)
✔ scroll and resize coalesce one bounds refresh and keep a stationary pointer canvas-relative (21.2879ms)
✔ requestIdleCallback falls back to a deferred timer (5.148ms)
▶ destroy cancels initialization and coalesced resize work before it runs
  ✔ pending idle callback (1.4653ms)
  ✔ pending timer fallback (1.5151ms)
  ✔ pending resize frame (3.4268ms)
  ✔ pending scroll bounds frame (3.4874ms)
✔ destroy cancels initialization and coalesced resize work before it runs (10.6726ms)
✔ orbit bounds keep the camera outside the core and inside the interior dome (3.1405ms)
✔ approach flies from the same exterior view through the radius 1.5 sphere (1.5935ms)
✔ one timeline fully covers the scene seam and settles the interior before enabling it (0.7448ms)
✔ opening transform preserves the planet center and projected scale across a host resize (0.5922ms)
✔ return is fully covered while the interior changes back to the exterior (0.3963ms)
✔ expansion hands off to forward motion without a pronounced speed valley (5.0973ms)
✔ entry retains the actual homepage camera and releases its parallax without a jump (0.9506ms)
✔ extracts only a Tab-indented first paragraph after front matter (1.3755ms)
✔ accepts four-space indentation and keeps readable inline link text (0.2074ms)
✔ ignores invisible source markers before the paragraph indentation (0.1244ms)
✔ joins wrapped lines in the same first paragraph until a blank line (0.1303ms)
✔ rejects a first unindented text block instead of searching later content (0.1689ms)
✔ rejects a first heading block instead of searching later content (0.1392ms)
✔ rejects a first quote block instead of searching later content (0.1177ms)
✔ rejects a first list block instead of searching later content (0.1124ms)
✔ rejects a first image block instead of searching later content (0.1559ms)
✔ rejects a first fenced code block instead of searching later content (0.2478ms)
✔ rejects a first html block instead of searching later content (0.0824ms)
✔ rejects an indented structural block instead of treating it as prose (0.1613ms)
✔ returns an empty lead for missing or non-string source (0.1357ms)
✔ particle renderer and Canvas visual contract stay unchanged (2.1626ms)
✔ generated navigation exposes a skip target and a controlled collapsed menu (1.6452ms)
✔ generated home brand names the approved station and links home (1.1265ms)
✔ generated home exposes a keyboard-native control for the continuous background motion (2.408ms)
✔ the interactive planet is named, keyboard reachable, and outside decorative hidden ancestors (9.3452ms)
✔ generated dates use the configured Chinese locale instead of a fixed numeric pattern (0.8439ms)
✔ generated long-form article headings and TOC form one complete navigation graph (16.7269ms)
✔ generated article TOC is a native disclosure before the article body (2.3461ms)
✔ generated long-form article images use lazy decoding defaults (1.0176ms)
✔ generated article images use configured intrinsic dimensions when available (19.5083ms)
✔ article normalization transfers only direct Hexo wrapper IDs (1.4955ms)
✔ the authored 2048 fragment receives one meaningful themed page heading (0.9536ms)
✔ generated site script keeps menu visibility and aria-expanded in sync (0.9292ms)
✔ built theme exposes accessible interaction and compositor-friendly rendering in Chrome (1015.3665ms)
✔ article entry links meet touch target size without changing card, category, or archive layout (0.1653ms)
✔ skip link stays hidden for pointer-like focus and reveals for keyboard-like focus in Chrome (0.0733ms)
✔ main landmark retains its visible keyboard focus replacement in Chrome (0.0791ms)
✔ generated TOC anchors navigate to their unique heading in Chrome (939.8719ms)
✔ article TOC is collapsed before the article at 320px and stays a visible sticky sidebar on desktop (2110.6234ms)
✔ root catalogue renders as the designed home without changing its URL (1.7599ms)
✔ normal posts render an article shell and heading-derived contents (25.1466ms)
✔ archive route and primary navigation render their semantic surfaces (1.5102ms)
✔ every internal primary navigation link resolves to generated output (1.3691ms)
✔ complete standalone HTML documents are copied byte-for-byte with one document root (20.0466ms)
✔ COCKY ZHOU generated inline scripts remain syntactically valid (8.0828ms)
✔ existing fragment pages and standalone applications keep their generated routes (6.8341ms)
✔ fluid-particle is selected and declares its home-menu contract (6.238ms)
✔ every optional offline image cache entry has a valid URL and positive dimensions (0.7183ms)
✔ article entry links declare a 44px block-size touch target without broadening category selectors (0.613ms)
✔ fluid-particle provides every renderer entry point and stylesheet (0.7194ms)
✔ the existing root catalogue route remains unchanged (0.8355ms)
✔ article heading and image normalization leaves raw-text containers byte-for-byte intact (15.0973ms)
✔ article images receive cached intrinsic dimensions only from their true source (4.4172ms)
✔ glyph-only heading permalinks expose the heading name to assistive technology (1.1849ms)
✔ raw-text protection remains active while the article outline is derived (0.8704ms)
✔ article outline keeps inline code text without exposing headings from raw blocks (1.3181ms)
✔ glyph permalinks decode heading entities once and expose distinct browser-readable names (0.9271ms)
✔ authored heading ids cannot inject attributes and still match every generated anchor (1.5725ms)
✔ quoted greater-than signs in headings and permalinks stay attribute data in a real HTML parser (6.3446ms)
✔ direct heading wrapper ids cross quoted data and malformed openings remain untouched (1.9314ms)
✔ normalizers ignore heading and image strings inside outer quoted attributes (2.2679ms)
✔ post cards render real category links when the post has categories (1.1766ms)
✔ post cards render the complete marked lead and leave visual truncation to CSS (0.7106ms)
✔ the homepage empty state includes a usable return-home link (0.9429ms)
✔ home excludes the catalogue post while passing every other folder post to cards (0.6244ms)
✔ post cards expose publication data and an initially hidden NEW ribbon (0.3509ms)
✔ approved home copy, navigation, footer, title layout, and ribbon styling are declared (0.497ms)
✔ all three presets are independent reproducible four-body initial conditions with genuine inertial motion (8.7643ms)
✔ Newtonian forces have the independently calculated magnitude, inverse-square falloff and equal opposite reaction (0.6345ms)
✔ four-body acceleration includes every active body and divides force by the receiving mass (0.432ms)
✔ fixed substeps give the same state for a speed-up batch and equal elapsed smaller frames (10.5254ms)
✔ velocity-Verlet preserves the reference circular binary energy over forty simulated years (33.5365ms)
✔ bounded mode reflects overshoot and velocity on all three radius-adjusted walls; free mode does not (0.9695ms)
✔ swept detection catches a fast planet crossing a star and emits exactly one collision (0.7783ms)
✔ star-star impact pauses free-space physics with a finite last valid state (0.6032ms)
✔ parameter edits reject invalid numbers and ranges atomically and valid mass changes immediately affect gravity (0.9988ms)
✔ invalid elapsed time and excess step budget cannot advance or corrupt the last valid body state (0.7173ms)
✔ radiation uses physical inverse-square distance while the rotating surface normal selects visible suns (0.4927ms)
✔ stable era requires five continuous low-variation single-sun years and resets on unstable samples (0.4998ms)
✔ thermal hysteresis needs five continuous danger years and clears only at its exit thresholds (0.6827ms)
✔ three visible suns kill once after two continuous years, death is latched, and only a new numbered civilization clears it (0.3734ms)
✔ the triple preset naturally produces a real two-year three-sun death while every star moves (9.7683ms)
✔ real-time world-space trails fade over eight seconds, do not share live position storage, and remain bounded (0.9654ms)
✔ fixed seeds produce independent reproducible event schedules and a first wait of 8–14 seconds (6.8789ms)
✔ natural events begin once, have bounded duration and schedule their next quiet interval (1.0108ms)
✔ repeated advancement or effect rendering at the same time cannot duplicate events or consume randomness (1.0511ms)
✔ frequency limits scale first and subsequent waits without overlapping two effects (0.4674ms)
✔ disable clears an active visual and reenabling schedules from the current clock without catchup (0.4651ms)
✔ frequency changes schedule forward instead of retroactively triggering a burst (0.4756ms)
✔ long clock jumps skip expired visuals, keep truthful history and replan only one future event (0.4228ms)
✔ manual triggers replace one active event; the sine envelope is isolated to the chosen effect and stays within 0–2 (0.5525ms)
✔ seeded random triggers reach all three types and stars, with history bounded to the most recent eight (1.7203ms)
✔ invalid parameters cannot mutate the schedule, randomness or history (0.7779ms)
✔ clock reset discards the old active visual and replans from zero while preserving actual history (0.4618ms)
✔ L1-L3 solve the normalized CR3BP force balance for equal and extreme mass ratios (7.3676ms)
✔ L4/L5 follow the instantaneous three-dimensional orbital plane and input order does not change the heavier primary (1.8208ms)
✔ degenerate or invalid Lagrange pairs return no markers; radial motion has a finite deterministic fallback plane (0.6227ms)
✔ seeded belt initialization is reproducible, bounded, inclined, and relative to the four-body barycenter (2.7275ms)
✔ belt Verlet uses every active source, real softening and interpolated moving positions without back reaction (1.7513ms)
✔ belt trajectories evolve under forces, stay finite and are never reflected by mode-one box walls (30.9162ms)
✔ swept particle and moving-star crossings stop only the struck particles at first contact (1.6085ms)
✔ invalid belt options return an error without particles or changes to the sources (0.4237ms)
✔ invalid elapsed times and non-finite source state latch a belt error without advancing particles (3.132ms)
✔ near-source integration budget fails safely rather than catching up or corrupting the last valid belt (6.3785ms)
✔ editable boundary is validated atomically and cannot teleport a body when shrinking (7.2751ms)
✔ softening is a physical parameter and changing it preserves the current state (0.4353ms)
✔ a mode switch cannot fold an escaped body into an undersized boundary (0.4548ms)
✔ natural escape beyond editable initial values does not block unrelated parameter edits (0.5149ms)
✔ belt accepts fixed-step clock roundoff at late epochs but still rejects two steps (12.5599ms)
ℹ tests 209
ℹ suites 0
ℹ pass 209
ℹ fail 0
ℹ cancelled 0
ℹ skipped 0
ℹ todo 0
ℹ duration_ms 15121.7638
npm notice
npm notice New minor version of npm available! 11.6.1 -> 11.19.1
npm notice Changelog: https://github.com/npm/cli/releases/tag/v11.19.1
npm notice To update run: npm install -g npm@11.19.1
npm notice
npm notice
npm notice New minor version of npm available! 11.6.1 -> 11.19.1
npm notice Changelog: https://github.com/npm/cli/releases/tag/v11.19.1
npm notice To update run: npm install -g npm@11.19.1
npm notice
npm notice
npm notice New minor version of npm available! 11.6.1 -> 11.19.1
npm notice Changelog: https://github.com/npm/cli/releases/tag/v11.19.1
npm notice To update run: npm install -g npm@11.19.1
npm notice
