✔ all three presets are independent reproducible four-body initial conditions with genuine inertial motion (6.8942ms)
✔ Newtonian forces have the independently calculated magnitude, inverse-square falloff and equal opposite reaction (0.4364ms)
✔ four-body acceleration includes every active body and divides force by the receiving mass (0.3009ms)
✔ fixed substeps give the same state for a speed-up batch and equal elapsed smaller frames (5.9883ms)
✔ velocity-Verlet preserves the reference circular binary energy over forty simulated years (25.5491ms)
✔ bounded mode reflects overshoot and velocity on all three radius-adjusted walls; free mode does not (0.7897ms)
✔ swept detection catches a fast planet crossing a star and emits exactly one collision (0.5167ms)
✔ star-star impact pauses free-space physics with a finite last valid state (0.4239ms)
✔ parameter edits reject invalid numbers and ranges atomically and valid mass changes immediately affect gravity (0.8218ms)
✔ invalid elapsed time and excess step budget cannot advance or corrupt the last valid body state (0.5417ms)
✔ radiation uses physical inverse-square distance while the rotating surface normal selects visible suns (0.3257ms)
✔ stable era requires five continuous low-variation single-sun years and resets on unstable samples (0.367ms)
✔ thermal hysteresis needs five continuous danger years and clears only at its exit thresholds (0.3446ms)
✔ three visible suns kill once after two continuous years, death is latched, and only a new numbered civilization clears it (0.3435ms)
✔ the triple preset naturally produces a real two-year three-sun death while every star moves (7.2873ms)
✔ real-time world-space trails fade over eight seconds, do not share live position storage, and remain bounded (0.9397ms)
✔ editable boundary is validated atomically and cannot teleport a body when shrinking (9.8311ms)
✔ softening is a physical parameter and changing it preserves the current state (0.3954ms)
ℹ tests 18
ℹ suites 0
ℹ pass 18
ℹ fail 0
ℹ cancelled 0
ℹ skipped 0
ℹ todo 0
ℹ duration_ms 112.1934
