✔ all three presets are independent reproducible four-body initial conditions with genuine inertial motion (5.7ms)
✔ Newtonian forces have the independently calculated magnitude, inverse-square falloff and equal opposite reaction (0.357ms)
✔ four-body acceleration includes every active body and divides force by the receiving mass (0.277ms)
✔ fixed substeps give the same state for a speed-up batch and equal elapsed smaller frames (5.9372ms)
✔ velocity-Verlet preserves the reference circular binary energy over forty simulated years (24.17ms)
✔ bounded mode reflects overshoot and velocity on all three radius-adjusted walls; free mode does not (0.6577ms)
✔ swept detection catches a fast planet crossing a star and emits exactly one collision (0.6557ms)
✔ star-star impact pauses free-space physics with a finite last valid state (0.4601ms)
✔ parameter edits reject invalid numbers and ranges atomically and valid mass changes immediately affect gravity (0.8235ms)
✔ invalid elapsed time and excess step budget cannot advance or corrupt the last valid body state (0.515ms)
✔ radiation uses physical inverse-square distance while the rotating surface normal selects visible suns (0.3276ms)
✔ stable era requires five continuous low-variation single-sun years and resets on unstable samples (0.3477ms)
✔ thermal hysteresis needs five continuous danger years and clears only at its exit thresholds (0.3398ms)
✔ three visible suns kill once after two continuous years, death is latched, and only a new numbered civilization clears it (0.3019ms)
✔ the triple preset naturally produces a real two-year three-sun death while every star moves (7.7125ms)
✔ real-time world-space trails fade over eight seconds, do not share live position storage, and remain bounded (0.8761ms)
✔ fixed seeds produce independent reproducible event schedules and a first wait of 8–14 seconds (3.9121ms)
✔ natural events begin once, have bounded duration and schedule their next quiet interval (0.5052ms)
✔ repeated advancement or effect rendering at the same time cannot duplicate events or consume randomness (0.4676ms)
✔ frequency limits scale first and subsequent waits without overlapping two effects (0.2616ms)
✔ disable clears an active visual and reenabling schedules from the current clock without catchup (0.2815ms)
✔ frequency changes schedule forward instead of retroactively triggering a burst (0.2585ms)
✔ long clock jumps skip expired visuals, keep truthful history and replan only one future event (0.2579ms)
✔ manual triggers replace one active event; the sine envelope is isolated to the chosen effect and stays within 0–2 (0.3601ms)
✔ seeded random triggers reach all three types and stars, with history bounded to the most recent eight (1.4312ms)
✔ invalid parameters cannot mutate the schedule, randomness or history (0.5379ms)
✔ clock reset discards the old active visual and replans from zero while preserving actual history (0.2657ms)
✔ L1-L3 solve the normalized CR3BP force balance for equal and extreme mass ratios (6.5922ms)
✔ L4/L5 follow the instantaneous three-dimensional orbital plane and input order does not change the heavier primary (0.9555ms)
✔ degenerate or invalid Lagrange pairs return no markers; radial motion has a finite deterministic fallback plane (0.347ms)
✔ seeded belt initialization is reproducible, bounded, inclined, and relative to the four-body barycenter (1.7104ms)
✔ belt Verlet uses every active source, real softening and interpolated moving positions without back reaction (1.6289ms)
✔ belt trajectories evolve under forces, stay finite and are never reflected by mode-one box walls (24.5618ms)
✔ swept particle and moving-star crossings stop only the struck particles at first contact (1.3923ms)
✔ invalid belt options return an error without particles or changes to the sources (0.3366ms)
✔ invalid elapsed times and non-finite source state latch a belt error without advancing particles (2.4343ms)
✔ near-source integration budget fails safely rather than catching up or corrupting the last valid belt (4.6984ms)
✔ editable boundary is validated atomically and cannot teleport a body when shrinking (4.6022ms)
✔ softening is a physical parameter and changing it preserves the current state (0.3117ms)
✔ a mode switch cannot fold an escaped body into an undersized boundary (0.3515ms)
✔ natural escape beyond editable initial values does not block unrelated parameter edits (0.3975ms)
✔ belt accepts fixed-step clock roundoff at late epochs but still rejects two steps (10.501ms)
ℹ tests 42
ℹ suites 0
ℹ pass 42
ℹ fail 0
ℹ cancelled 0
ℹ skipped 0
ℹ todo 0
ℹ duration_ms 128.7625
